0 silly argv {
0 silly argv   _: [ 'run' ],
0 silly argv   lernaVersion: '9.0.7',
0 silly argv   '$0': 'node_modules/lerna/dist/cli.js',
0 silly argv   script: 'build'
0 silly argv }
1 notice cli v9.0.7
2 verbose packageConfigs Package manager "pnpm" detected. Resolving packages using `pnpm-workspace.yaml`.
3 verbose rootPath /Users/sbattis/Documents/GitHub/typescript-config
4 error The "nx/js/dependencies-and-lockfile" plugin threw an error while creating dependencies: Target project does not exist: npm:typescript@5.9.3
4 error     Error: Target project does not exist: npm:typescript@5.9.3
4 error         at validateCommonDependencyRules (/Users/sbattis/Documents/GitHub/typescript-config/node_modules/.pnpm/nx@22.7.8/node_modules/nx/dist/src/project-graph/project-graph-builder.js:323:15)
4 error         at validateDependency (/Users/sbattis/Documents/GitHub/typescript-config/node_modules/.pnpm/nx@22.7.8/node_modules/nx/dist/src/project-graph/project-graph-builder.js:314:5)
4 error         at ProjectGraphBuilder.addDependency (/Users/sbattis/Documents/GitHub/typescript-config/node_modules/.pnpm/nx@22.7.8/node_modules/nx/dist/src/project-graph/project-graph-builder.js:191:9)
4 error         at /Users/sbattis/Documents/GitHub/typescript-config/node_modules/.pnpm/nx@22.7.8/node_modules/nx/dist/src/project-graph/build-project-graph.js:214:25
4 error         at process.processTicksAndRejections (node:internal/process/task_queues:104:5)
4 error         at async Promise.all (index 0)
4 error         at async updateProjectGraphWithPlugins (/Users/sbattis/Documents/GitHub/typescript-config/node_modules/.pnpm/nx@22.7.8/node_modules/nx/dist/src/project-graph/build-project-graph.js:202:5)
4 error         at async buildProjectGraphUsingContext (/Users/sbattis/Documents/GitHub/typescript-config/node_modules/.pnpm/nx@22.7.8/node_modules/nx/dist/src/project-graph/build-project-graph.js:143:24)
4 error         at async buildProjectGraphUsingProjectFileMap (/Users/sbattis/Documents/GitHub/typescript-config/node_modules/.pnpm/nx@22.7.8/node_modules/nx/dist/src/project-graph/build-project-graph.js:95:24)
